2026-02-05 13:56:11.944 | info: Microsoft.AspNetCore.Hosting.Diagnostics[1]
2026-02-05 13:56:11.944 |       Request starting HTTP/1.1 POST http://localhost:8081/api/timecards - application/json 159
2026-02-05 13:56:11.975 | warn: Microsoft.AspNetCore.HttpsPolicy.HttpsRedirectionMiddleware[3]
2026-02-05 13:56:11.975 |       Failed to determine the https port for redirect.
2026-02-05 13:56:11.976 | info: Microsoft.AspNetCore.Routing.EndpointMiddleware[0]
2026-02-05 13:56:11.976 |       Executing endpoint 'TimecardService.Controllers.TimecardsController.Create (timecard-service)'
2026-02-05 13:56:12.000 | info: Microsoft.AspNetCore.Mvc.Infrastructure.ControllerActionInvoker[102]
2026-02-05 13:56:12.000 |       Route matched with {action = "Create", controller = "Timecards"}. Executing controller action with signature System.Threading.Tasks.Task`1[Microsoft.AspNetCore.Mvc.IActionResult] Create(TimecardService.DTOs.CreateTimecardDto) on controller TimecardService.Controllers.TimecardsController (timecard-service).
2026-02-05 13:56:12.842 | fail: Microsoft.EntityFrameworkCore.Database.Command[20102]
2026-02-05 13:56:12.842 |       Failed executing DbCommand (33ms) [Parameters=[@p0='?' (DbType = Guid), @p1='?', @p2='?' (DbType = DateTime), @p3='?', @p4='?' (DbType = DateTime), @p5='?' (DbType = Guid), @p6='?' (DbType = DateTime), @p7='?' (DbType = Guid), @p8='?', @p9='?' (DbType = Int32), @p10='?' (DbType = DateTime), @p11='?' (DbType = Date), @p12='?' (DbType = Guid)], CommandType='Text', CommandTimeout='30']
2026-02-05 13:56:12.842 |       INSERT INTO event_outbox (id, event_type, occurred_at, payload, processed_at)
2026-02-05 13:56:12.842 |       VALUES (@p0, @p1, @p2, @p3, @p4);
2026-02-05 13:56:12.842 |       INSERT INTO timecards (id, created_at, project_id, status, total_hours, updated_at, week_start, worker_id)
2026-02-05 13:56:12.842 |       VALUES (@p5, @p6, @p7, @p8, @p9, @p10, @p11, @p12);
2026-02-05 13:56:12.866 | fail: Microsoft.EntityFrameworkCore.Update[10000]
2026-02-05 13:56:12.866 |       An exception occurred in the database while saving changes for context type 'TimecardService.Data.TimecardDbContext'.
2026-02-05 13:56:12.866 |       Microsoft.EntityFrameworkCore.DbUpdateException: An error occurred while saving the entity changes. See the inner exception for details.
2026-02-05 13:56:12.866 |        ---> Npgsql.PostgresException (0x80004005): 42804: column "payload" is of type jsonb but expression is of type text
2026-02-05 13:56:12.866 |       
2026-02-05 13:56:12.866 |       POSITION: 99
2026-02-05 13:56:12.866 |          at Npgsql.Internal.NpgsqlConnector.ReadMessageLong(Boolean async, DataRowLoadingMode dataRowLoadingMode, Boolean readingNotifications, Boolean isReadingPrependedMessage)
2026-02-05 13:56:12.866 |          at System.Runtime.CompilerServices.PoolingAsyncValueTaskMethodBuilder`1.StateMachineBox`1.System.Threading.Tasks.Sources.IValueTaskSource<TResult>.GetResult(Int16 token)
2026-02-05 13:56:12.866 |          at Npgsql.NpgsqlDataReader.NextResult(Boolean async, Boolean isConsuming, CancellationToken cancellationToken)
2026-02-05 13:56:12.866 |          at Npgsql.NpgsqlDataReader.NextResult(Boolean async, Boolean isConsuming, CancellationToken cancellationToken)
2026-02-05 13:56:12.866 |          at Npgsql.NpgsqlCommand.ExecuteReader(Boolean async, CommandBehavior behavior, CancellationToken cancellationToken)
2026-02-05 13:56:12.866 |          at Npgsql.NpgsqlCommand.ExecuteReader(Boolean async, CommandBehavior behavior, CancellationToken cancellationToken)
2026-02-05 13:56:12.866 |          at Npgsql.NpgsqlCommand.ExecuteDbDataReaderAsync(CommandBehavior behavior, CancellationToken cancellationToken)
2026-02-05 13:56:12.866 |          at Microsoft.EntityFrameworkCore.Storage.RelationalCommand.ExecuteReaderAsync(RelationalCommandParameterObject parameterObject, CancellationToken cancellationToken)
2026-02-05 13:56:12.866 |          at Microsoft.EntityFrameworkCore.Storage.RelationalCommand.ExecuteReaderAsync(RelationalCommandParameterObject parameterObject, CancellationToken cancellationToken)
2026-02-05 13:56:12.866 |          at Microsoft.EntityFrameworkCore.Update.ReaderModificationCommandBatch.ExecuteAsync(IRelationalConnection connection, CancellationToken cancellationToken)
2026-02-05 13:56:12.866 |         Exception data:
2026-02-05 13:56:12.866 |           Severity: ERROR
2026-02-05 13:56:12.866 |           SqlState: 42804
2026-02-05 13:56:12.866 |           MessageText: column "payload" is of type jsonb but expression is of type text
2026-02-05 13:56:12.866 |           Hint: You will need to rewrite or cast the expression.
2026-02-05 13:56:12.866 |           Position: 99
2026-02-05 13:56:12.866 |           File: parse_target.c
2026-02-05 13:56:12.866 |           Line: 587
2026-02-05 13:56:12.866 |           Routine: transformAssignedExpr
2026-02-05 13:56:12.866 |          --- End of inner exception stack trace ---
2026-02-05 13:56:12.866 |          at Microsoft.EntityFrameworkCore.Update.ReaderModificationCommandBatch.ExecuteAsync(IRelationalConnection connection, CancellationToken cancellationToken)
2026-02-05 13:56:12.866 |          at Microsoft.EntityFrameworkCore.Update.Internal.BatchExecutor.ExecuteAsync(IEnumerable`1 commandBatches, IRelationalConnection connection, CancellationToken cancellationToken)
2026-02-05 13:56:12.866 |          at Microsoft.EntityFrameworkCore.Update.Internal.BatchExecutor.ExecuteAsync(IEnumerable`1 commandBatches, IRelationalConnection connection, CancellationToken cancellationToken)
2026-02-05 13:56:12.866 |          at Microsoft.EntityFrameworkCore.Update.Internal.BatchExecutor.ExecuteAsync(IEnumerable`1 commandBatches, IRelationalConnection connection, CancellationToken cancellationToken)
2026-02-05 13:56:12.866 |          at Microsoft.EntityFrameworkCore.ChangeTracking.Internal.StateManager.SaveChangesAsync(IList`1 entriesToSave, CancellationToken cancellationToken)
2026-02-05 13:56:12.866 |          at Microsoft.EntityFrameworkCore.ChangeTracking.Internal.StateManager.SaveChangesAsync(StateManager stateManager, Boolean acceptAllChangesOnSuccess, CancellationToken cancellationToken)
2026-02-05 13:56:12.866 |          at Npgsql.EntityFrameworkCore.PostgreSQL.Storage.Internal.NpgsqlExecutionStrategy.ExecuteAsync[TState,TResult](TState state, Func`4 operation, Func`4 verifySucceeded, CancellationToken cancellationToken)
2026-02-05 13:56:12.866 |          at Microsoft.EntityFrameworkCore.DbContext.SaveChangesAsync(Boolean acceptAllChangesOnSuccess, CancellationToken cancellationToken)
2026-02-05 13:56:12.866 |       Microsoft.EntityFrameworkCore.DbUpdateException: An error occurred while saving the entity changes. See the inner exception for details.
2026-02-05 13:56:12.866 |        ---> Npgsql.PostgresException (0x80004005): 42804: column "payload" is of type jsonb but expression is of type text
2026-02-05 13:56:12.866 |       
2026-02-05 13:56:12.866 |       POSITION: 99
2026-02-05 13:56:12.866 |          at Npgsql.Internal.NpgsqlConnector.ReadMessageLong(Boolean async, DataRowLoadingMode dataRowLoadingMode, Boolean readingNotifications, Boolean isReadingPrependedMessage)
2026-02-05 13:56:12.866 |          at System.Runtime.CompilerServices.PoolingAsyncValueTaskMethodBuilder`1.StateMachineBox`1.System.Threading.Tasks.Sources.IValueTaskSource<TResult>.GetResult(Int16 token)
2026-02-05 13:56:12.866 |          at Npgsql.NpgsqlDataReader.NextResult(Boolean async, Boolean isConsuming, CancellationToken cancellationToken)
2026-02-05 13:56:12.866 |          at Npgsql.NpgsqlDataReader.NextResult(Boolean async, Boolean isConsuming, CancellationToken cancellationToken)
2026-02-05 13:56:12.866 |          at Npgsql.NpgsqlCommand.ExecuteReader(Boolean async, CommandBehavior behavior, CancellationToken cancellationToken)
2026-02-05 13:56:12.866 |          at Npgsql.NpgsqlCommand.ExecuteReader(Boolean async, CommandBehavior behavior, CancellationToken cancellationToken)
2026-02-05 13:56:12.866 |          at Npgsql.NpgsqlCommand.ExecuteDbDataReaderAsync(CommandBehavior behavior, CancellationToken cancellationToken)
2026-02-05 13:56:12.866 |          at Microsoft.EntityFrameworkCore.Storage.RelationalCommand.ExecuteReaderAsync(RelationalCommandParameterObject parameterObject, CancellationToken cancellationToken)
2026-02-05 13:56:12.866 |          at Microsoft.EntityFrameworkCore.Storage.RelationalCommand.ExecuteReaderAsync(RelationalCommandParameterObject parameterObject, CancellationToken cancellationToken)
2026-02-05 13:56:12.866 |          at Microsoft.EntityFrameworkCore.Update.ReaderModificationCommandBatch.ExecuteAsync(IRelationalConnection connection, CancellationToken cancellationToken)
2026-02-05 13:56:12.866 |         Exception data:
2026-02-05 13:56:12.866 |           Severity: ERROR
2026-02-05 13:56:12.866 |           SqlState: 42804
2026-02-05 13:56:12.866 |           MessageText: column "payload" is of type jsonb but expression is of type text
2026-02-05 13:56:12.866 |           Hint: You will need to rewrite or cast the expression.
2026-02-05 13:56:12.866 |           Position: 99
2026-02-05 13:56:12.866 |           File: parse_target.c
2026-02-05 13:56:12.866 |           Line: 587
2026-02-05 13:56:12.866 |           Routine: transformAssignedExpr
2026-02-05 13:56:12.866 |          --- End of inner exception stack trace ---
2026-02-05 13:56:12.866 |          at Microsoft.EntityFrameworkCore.Update.ReaderModificationCommandBatch.ExecuteAsync(IRelationalConnection connection, CancellationToken cancellationToken)
2026-02-05 13:56:12.866 |          at Microsoft.EntityFrameworkCore.Update.Internal.BatchExecutor.ExecuteAsync(IEnumerable`1 commandBatches, IRelationalConnection connection, CancellationToken cancellationToken)
2026-02-05 13:56:12.866 |          at Microsoft.EntityFrameworkCore.Update.Internal.BatchExecutor.ExecuteAsync(IEnumerable`1 commandBatches, IRelationalConnection connection, CancellationToken cancellationToken)
2026-02-05 13:56:12.866 |          at Microsoft.EntityFrameworkCore.Update.Internal.BatchExecutor.ExecuteAsync(IEnumerable`1 commandBatches, IRelationalConnection connection, CancellationToken cancellationToken)
2026-02-05 13:56:12.866 |          at Microsoft.EntityFrameworkCore.ChangeTracking.Internal.StateManager.SaveChangesAsync(IList`1 entriesToSave, CancellationToken cancellationToken)
2026-02-05 13:56:12.866 |          at Microsoft.EntityFrameworkCore.ChangeTracking.Internal.StateManager.SaveChangesAsync(StateManager stateManager, Boolean acceptAllChangesOnSuccess, CancellationToken cancellationToken)
2026-02-05 13:56:12.866 |          at Npgsql.EntityFrameworkCore.PostgreSQL.Storage.Internal.NpgsqlExecutionStrategy.ExecuteAsync[TState,TResult](TState state, Func`4 operation, Func`4 verifySucceeded, CancellationToken cancellationToken)
2026-02-05 13:56:12.866 |          at Microsoft.EntityFrameworkCore.DbContext.SaveChangesAsync(Boolean acceptAllChangesOnSuccess, CancellationToken cancellationToken)
2026-02-05 13:56:13.070 | info: Microsoft.AspNetCore.Mvc.Infrastructure.ControllerActionInvoker[105]
2026-02-05 13:56:13.070 |       Executed action TimecardService.Controllers.TimecardsController.Create (timecard-service) in 1063.3456ms
2026-02-05 13:56:13.071 | info: Microsoft.AspNetCore.Routing.EndpointMiddleware[1]
2026-02-05 13:56:13.071 |       Executed endpoint 'TimecardService.Controllers.TimecardsController.Create (timecard-service)'
2026-02-05 13:56:13.081 | fail: Microsoft.AspNetCore.Server.Kestrel[13]
2026-02-05 13:56:13.081 |       Connection id "0HNJ4I0S7SD39", Request id "0HNJ4I0S7SD39:00000001": An unhandled exception was thrown by the application.
2026-02-05 13:56:13.081 |       System.InvalidOperationException: Sequence contains no elements.
2026-02-05 13:56:13.081 |          at Microsoft.EntityFrameworkCore.Query.ShapedQueryCompilingExpressionVisitor.SingleAsync[TSource](IAsyncEnumerable`1 asyncEnumerable, CancellationToken cancellationToken)
2026-02-05 13:56:13.081 |          at Microsoft.EntityFrameworkCore.Query.ShapedQueryCompilingExpressionVisitor.SingleAsync[TSource](IAsyncEnumerable`1 asyncEnumerable, CancellationToken cancellationToken)
2026-02-05 13:56:13.081 |          at TimecardService.Controllers.TimecardsController.Create(CreateTimecardDto dto) in /src/Controllers/TimecardsController.cs:line 97
2026-02-05 13:56:13.081 |          at Microsoft.AspNetCore.Mvc.Infrastructure.ActionMethodExecutor.TaskOfIActionResultExecutor.Execute(ActionContext actionContext, IActionResultTypeMapper mapper, ObjectMethodExecutor executor, Object controller, Object[] arguments)
2026-02-05 13:56:13.081 |          at Microsoft.AspNetCore.Mvc.Infrastructure.ControllerActionInvoker.<InvokeActionMethodAsync>g__Awaited|12_0(ControllerActionInvoker invoker, ValueTask`1 actionResultValueTask)
2026-02-05 13:56:13.081 |          at Microsoft.AspNetCore.Mvc.Infrastructure.ControllerActionInvoker.<InvokeNextActionFilterAsync>g__Awaited|10_0(ControllerActionInvoker invoker, Task lastTask, State next, Scope scope, Object state, Boolean isCompleted)
2026-02-05 13:56:13.081 |          at Microsoft.AspNetCore.Mvc.Infrastructure.ControllerActionInvoker.Rethrow(ActionExecutedContextSealed context)
2026-02-05 13:56:13.081 |          at Microsoft.AspNetCore.Mvc.Infrastructure.ControllerActionInvoker.Next(State& next, Scope& scope, Object& state, Boolean& isCompleted)
2026-02-05 13:56:13.081 |          at Microsoft.AspNetCore.Mvc.Infrastructure.ControllerActionInvoker.<InvokeInnerFilterAsync>g__Awaited|13_0(ControllerActionInvoker invoker, Task lastTask, State next, Scope scope, Object state, Boolean isCompleted)
2026-02-05 13:56:13.081 |          at Microsoft.AspNetCore.Mvc.Infrastructure.ResourceInvoker.<InvokeFilterPipelineAsync>g__Awaited|20_0(ResourceInvoker invoker, Task lastTask, State next, Scope scope, Object state, Boolean isCompleted)
2026-02-05 13:56:13.081 |          at Microsoft.AspNetCore.Mvc.Infrastructure.ResourceInvoker.<InvokeAsync>g__Logged|17_1(ResourceInvoker invoker)
2026-02-05 13:56:13.081 |          at Microsoft.AspNetCore.Mvc.Infrastructure.ResourceInvoker.<InvokeAsync>g__Logged|17_1(ResourceInvoker invoker)
2026-02-05 13:56:13.081 |          at Microsoft.AspNetCore.Routing.EndpointMiddleware.<Invoke>g__AwaitRequestTask|7_0(Endpoint endpoint, Task requestTask, ILogger logger)
2026-02-05 13:56:13.081 |          at Swashbuckle.AspNetCore.SwaggerUI.SwaggerUIMiddleware.Invoke(HttpContext httpContext)
2026-02-05 13:56:13.081 |          at Swashbuckle.AspNetCore.Swagger.SwaggerMiddleware.Invoke(HttpContext httpContext, ISwaggerProvider swaggerProvider)
2026-02-05 13:56:13.081 |          at Microsoft.AspNetCore.Authorization.AuthorizationMiddleware.Invoke(HttpContext context)
2026-02-05 13:56:13.081 |          at Microsoft.AspNetCore.Authentication.AuthenticationMiddleware.Invoke(HttpContext context)
2026-02-05 13:56:13.081 |          at Microsoft.AspNetCore.Server.Kestrel.Core.Internal.Http.HttpProtocol.ProcessRequests[TContext](IHttpApplication`1 application)
2026-02-05 13:56:13.094 | info: Microsoft.AspNetCore.Hosting.Diagnostics[2]
2026-02-05 13:56:13.094 |       Request finished HTTP/1.1 POST http://localhost:8081/api/timecards - 500 0 - 1149.5868ms
2026-02-05 13:56:30.504 | info: Microsoft.EntityFrameworkCore.Database.Command[20101]
2026-02-05 13:56:30.504 |       Executed DbCommand (1ms) [Parameters=[@__p_0='?' (DbType = Int32)], CommandType='Text', CommandTimeout='30']
2026-02-05 13:56:30.504 |       SELECT e.id, e.event_type, e.occurred_at, e.payload, e.processed_at
2026-02-05 13:56:30.504 |       FROM event_outbox AS e
2026-02-05 13:56:30.504 |       WHERE e.processed_at IS NULL
2026-02-05 13:56:30.504 |       ORDER BY e.occurred_at
2026-02-05 13:56:30.504 |       LIMIT @__p_0